// Jest Snapshot v1, https://goo.gl/fbAQLP

exports[`<TextField /> should render with error 1`] = `
.c0 .c3 {
  border-color: #FF6347;
}

.c0 .c1,
.c0 .c5 {
  color: #FF6347;
}

.c4 {
  display: flex;
  align-items: center;
  background-color: #EAEAEA;
  border-radius: 0.2rem;
  padding: 0 0.8rem;
  border: 0.2rem solid;
  border-color: #EAEAEA;
  position: relative;
}

.c4:focus-within {
  box-shadow: 0 0 0.5rem #F231A5;
}

.c6 {
  width: 2.4rem;
  color: #BBBBBB;
  order: 0;
  line-height: 0;
}

.c6>svg {
  width: 100%;
}

.c7 {
  color: #030517;
  font-family: Poppins,-apple-system,BlinkMacSystemFont,'Segoe UI',Roboto,Oxygen,Ubuntu,Cantarell,'Open Sans','Helvetica Neue',sans-serif;
  font-size: 1.6rem;
  padding: 0.8rem 0;
  padding-left: 0.8rem;
  background-color: transparent;
  border: 0;
  outline: 0;
  width: 100%;
}

.c2 {
  font-size: 1.4rem;
  color: #030517;
  cursor: pointer;
}

.c8 {
  font-size: 1.2rem;
  color: #FF6347;
}

<div
  class="c0"
>
  <label
    class="c1 c2"
    for="TextField"
  >
    TextField
  </label>
  <div
    class="c3 c4"
  >
    <div
      class="c5 c6"
    >
      <svg
        class="lucide lucide-mail"
        data-testid="icon"
        fill="none"
        height="24"
        stroke="currentColor"
        stroke-linecap="round"
        stroke-linejoin="round"
        stroke-width="2"
        viewBox="0 0 24 24"
        width="24"
        xmlns="http://www.w3.org/2000/svg"
      >
        <rect
          height="16"
          rx="2"
          width="20"
          x="2"
          y="4"
        />
        <path
          d="m22 7-8.97 5.7a1.94 1.94 0 0 1-2.06 0L2 7"
        />
      </svg>
    </div>
    <input
      class="c7"
      id="TextField"
      type="text"
      value=""
    />
  </div>
  <span
    class="c8"
  >
    Error msg
  </span>
</div>
`;
